// Jest Snapshot v1, https://goo.gl/fbAQLP

exports[`App snapshot renders the loading screen 1`] = `
<View
  onLayout={[Function]}
  style={
    Object {
      "flex": 1,
    }
  }
>
  <View
    onMoveShouldSetResponder={[Function]}
    onMoveShouldSetResponderCapture={[Function]}
    onResponderEnd={[Function]}
    onResponderGrant={[Function]}
    onResponderMove={[Function]}
    onResponderReject={[Function]}
    onResponderRelease={[Function]}
    onResponderStart={[Function]}
    onResponderTerminate={[Function]}
    onResponderTerminationRequest={[Function]}
    onStartShouldSetResponder={[Function]}
    onStartShouldSetResponderCapture={[Function]}
    style={
      Array [
        Object {
          "flex": 1,
          "flexDirection": "column-reverse",
          "overflow": "hidden",
        },
        Object {
          "backgroundColor": "#000",
        },
      ]
    }
  >
    <View
      style={
        Object {
          "flex": 1,
        }
      }
    >
      <View
        accessibilityElementsHidden={false}
        pointerEvents="auto"
        style={
          Object {
            "backgroundColor": "#E9E9EF",
            "bottom": 0,
            "left": 0,
            "opacity": 1,
            "paddingTop": 64,
            "position": "absolute",
            "right": 0,
            "shadowColor": "black",
            "shadowOffset": Object {
              "height": 0,
              "width": 0,
            },
            "shadowOpacity": 0.2,
            "shadowRadius": 5,
            "top": 0,
            "transform": Array [
              Object {
                "translateX": 0,
              },
              Object {
                "translateY": 0,
              },
            ],
          }
        }
      >
        <View
          style={
            Array [
              Object {
                "alignItems": "center",
                "flexBasis": 0,
                "flexDirection": "column",
                "flexGrow": 1,
                "flexShrink": 1,
                "justifyContent": "space-between",
              },
            ]
          }
        >
          <View
            accessibilityIgnoresInvertColors={true}
            style={
              Array [
                Object {
                  "height": "100%",
                  "width": "100%",
                },
              ]
            }
          >
            <Image
              source={1}
              style={
                Array [
                  Object {
                    "bottom": 0,
                    "left": 0,
                    "position": "absolute",
                    "right": 0,
                    "top": 0,
                  },
                  Object {
                    "height": undefined,
                    "width": undefined,
                  },
                  undefined,
                ]
              }
            />
            <View
              style={
                Array [
                  Object {
                    "alignItems": "center",
                    "marginTop": 30,
                  },
                ]
              }
            >
              <Text
                style={
                  Array [
                    Object {
                      "color": "#fcf011",
                      "fontSize": 100,
                    },
                  ]
                }
              >
                Shifumi
              </Text>
              <Image
                source={1}
                style={
                  Array [
                    Object {
                      "height": 190,
                      "justifyContent": "center",
                      "width": 220,
                    },
                  ]
                }
              />
            </View>
            <View
              style={
                Array [
                  Object {
                    "alignItems": "center",
                    "marginTop": 85,
                  },
                ]
              }
            >
              <View
                accessible={true}
                isTVSelectable={true}
                onResponderGrant={[Function]}
                onResponderMove={[Function]}
                onResponderRelease={[Function]}
                onResponderTerminate={[Function]}
                onResponderTerminationRequest={[Function]}
                onStartShouldSetResponder={[Function]}
                style={
                  Array [
                    Object {
                      "alignItems": "center",
                      "backgroundColor": "#00b5ec",
                      "borderRadius": 30,
                      "flexDirection": "row",
                      "height": 45,
                      "justifyContent": "center",
                      "marginBottom": 20,
                      "width": 250,
                    },
                  ]
                }
              >
                <Text
                  style={
                    Array [
                      Object {
                        "color": "#ffffff",
                      },
                      null,
                    ]
                  }
                >
                  Login
                </Text>
              </View>
              <View
                accessible={true}
                isTVSelectable={true}
                onResponderGrant={[Function]}
                onResponderMove={[Function]}
                onResponderRelease={[Function]}
                onResponderTerminate={[Function]}
                onResponderTerminationRequest={[Function]}
                onStartShouldSetResponder={[Function]}
                style={
                  Array [
                    Object {
                      "alignItems": "center",
                      "backgroundColor": "#00b5ec",
                      "borderRadius": 30,
                      "flexDirection": "row",
                      "height": 45,
                      "justifyContent": "center",
                      "marginBottom": 20,
                      "width": 250,
                    },
                  ]
                }
              >
                <Text
                  style={
                    Array [
                      Object {
                        "color": "#ffffff",
                      },
                      null,
                    ]
                  }
                >
                  Register
                </Text>
              </View>
            </View>
            <View
              style={
                Array [
                  Object {
                    "marginTop": 20,
                  },
                ]
              }
            >
              <Text
                style={
                  Array [
                    Object {
                      "color": "#fcf011",
                      "fontSize": 18,
                      "marginTop": 50,
                      "textAlign": "center",
                    },
                  ]
                }
              >
                Best game ever made
              </Text>
            </View>
          </View>
        </View>
      </View>
    </View>
    <View
      onLayout={[Function]}
      pointerEvents="box-none"
      style={
        Object {
          "left": 0,
          "position": "absolute",
          "right": 0,
          "top": 0,
        }
      }
    >
      <View
        style={
          Object {
            "backgroundColor": "#FFF",
            "transform": Array [
              Object {
                "translateX": 0,
              },
            ],
          }
        }
      >
        <View
          onLayout={[Function]}
          pointerEvents="box-none"
          style={
            Object {
              "backgroundColor": "#FFF",
              "borderBottomColor": "#A7A7AA",
              "borderBottomWidth": 0.5,
              "height": 64,
              "paddingBottom": 0,
              "paddingLeft": 0,
              "paddingRight": 0,
              "paddingTop": 20,
            }
          }
        >
          <View
            style={
              Object {
                "flex": 1,
              }
            }
          >
            <View
              style={
                Object {
                  "bottom": 0,
                  "flexDirection": "row",
                  "left": 0,
                  "position": "absolute",
                  "right": 0,
                  "top": 0,
                }
              }
            >
              <View
                pointerEvents="box-none"
                style={
                  Object {
                    "alignItems": "center",
                    "backgroundColor": "transparent",
                    "bottom": 0,
                    "flexDirection": "row",
                    "justifyContent": "center",
                    "left": 0,
                    "opacity": 1,
                    "position": "absolute",
                    "right": 0,
                    "top": 0,
                  }
                }
              >
                <Text
                  accessibilityTraits="header"
                  accessible={false}
                  allowFontScaling={true}
                  numberOfLines={1}
                  onLayout={[Function]}
                  style={
                    Object {
                      "color": "rgba(0, 0, 0, .9)",
                      "fontSize": 17,
                      "fontWeight": "600",
                      "marginHorizontal": 16,
                      "textAlign": "center",
                    }
                  }
                >
                  Home
                </Text>
              </View>
            </View>
          </View>
        </View>
      </View>
    </View>
  </View>
</View>
`;

exports[`App snapshot renders the root without loading screen 1`] = `
<View
  onLayout={[Function]}
  style={
    Object {
      "flex": 1,
    }
  }
>
  <View
    onMoveShouldSetResponder={[Function]}
    onMoveShouldSetResponderCapture={[Function]}
    onResponderEnd={[Function]}
    onResponderGrant={[Function]}
    onResponderMove={[Function]}
    onResponderReject={[Function]}
    onResponderRelease={[Function]}
    onResponderStart={[Function]}
    onResponderTerminate={[Function]}
    onResponderTerminationRequest={[Function]}
    onStartShouldSetResponder={[Function]}
    onStartShouldSetResponderCapture={[Function]}
    style={
      Array [
        Object {
          "flex": 1,
          "flexDirection": "column-reverse",
          "overflow": "hidden",
        },
        Object {
          "backgroundColor": "#000",
        },
      ]
    }
  >
    <View
      style={
        Object {
          "flex": 1,
        }
      }
    >
      <View
        accessibilityElementsHidden={false}
        pointerEvents="auto"
        style={
          Object {
            "backgroundColor": "#E9E9EF",
            "bottom": 0,
            "left": 0,
            "opacity": 1,
            "paddingTop": 64,
            "position": "absolute",
            "right": 0,
            "shadowColor": "black",
            "shadowOffset": Object {
              "height": 0,
              "width": 0,
            },
            "shadowOpacity": 0.2,
            "shadowRadius": 5,
            "top": 0,
            "transform": Array [
              Object {
                "translateX": 0,
              },
              Object {
                "translateY": 0,
              },
            ],
          }
        }
      >
        <View
          style={
            Array [
              Object {
                "alignItems": "center",
                "flexBasis": 0,
                "flexDirection": "column",
                "flexGrow": 1,
                "flexShrink": 1,
                "justifyContent": "space-between",
              },
            ]
          }
        >
          <View
            accessibilityIgnoresInvertColors={true}
            style={
              Array [
                Object {
                  "height": "100%",
                  "width": "100%",
                },
              ]
            }
          >
            <Image
              source={1}
              style={
                Array [
                  Object {
                    "bottom": 0,
                    "left": 0,
                    "position": "absolute",
                    "right": 0,
                    "top": 0,
                  },
                  Object {
                    "height": undefined,
                    "width": undefined,
                  },
                  undefined,
                ]
              }
            />
            <View
              style={
                Array [
                  Object {
                    "alignItems": "center",
                    "marginTop": 30,
                  },
                ]
              }
            >
              <Text
                style={
                  Array [
                    Object {
                      "color": "#fcf011",
                      "fontSize": 100,
                    },
                  ]
                }
              >
                Shifumi
              </Text>
              <Image
                source={1}
                style={
                  Array [
                    Object {
                      "height": 190,
                      "justifyContent": "center",
                      "width": 220,
                    },
                  ]
                }
              />
            </View>
            <View
              style={
                Array [
                  Object {
                    "alignItems": "center",
                    "marginTop": 85,
                  },
                ]
              }
            >
              <View
                accessible={true}
                isTVSelectable={true}
                onResponderGrant={[Function]}
                onResponderMove={[Function]}
                onResponderRelease={[Function]}
                onResponderTerminate={[Function]}
                onResponderTerminationRequest={[Function]}
                onStartShouldSetResponder={[Function]}
                style={
                  Array [
                    Object {
                      "alignItems": "center",
                      "backgroundColor": "#00b5ec",
                      "borderRadius": 30,
                      "flexDirection": "row",
                      "height": 45,
                      "justifyContent": "center",
                      "marginBottom": 20,
                      "width": 250,
                    },
                  ]
                }
              >
                <Text
                  style={
                    Array [
                      Object {
                        "color": "#ffffff",
                      },
                      null,
                    ]
                  }
                >
                  Login
                </Text>
              </View>
              <View
                accessible={true}
                isTVSelectable={true}
                onResponderGrant={[Function]}
                onResponderMove={[Function]}
                onResponderRelease={[Function]}
                onResponderTerminate={[Function]}
                onResponderTerminationRequest={[Function]}
                onStartShouldSetResponder={[Function]}
                style={
                  Array [
                    Object {
                      "alignItems": "center",
                      "backgroundColor": "#00b5ec",
                      "borderRadius": 30,
                      "flexDirection": "row",
                      "height": 45,
                      "justifyContent": "center",
                      "marginBottom": 20,
                      "width": 250,
                    },
                  ]
                }
              >
                <Text
                  style={
                    Array [
                      Object {
                        "color": "#ffffff",
                      },
                      null,
                    ]
                  }
                >
                  Register
                </Text>
              </View>
            </View>
            <View
              style={
                Array [
                  Object {
                    "marginTop": 20,
                  },
                ]
              }
            >
              <Text
                style={
                  Array [
                    Object {
                      "color": "#fcf011",
                      "fontSize": 18,
                      "marginTop": 50,
                      "textAlign": "center",
                    },
                  ]
                }
              >
                Best game ever made
              </Text>
            </View>
          </View>
        </View>
      </View>
    </View>
    <View
      onLayout={[Function]}
      pointerEvents="box-none"
      style={
        Object {
          "left": 0,
          "position": "absolute",
          "right": 0,
          "top": 0,
        }
      }
    >
      <View
        style={
          Object {
            "backgroundColor": "#FFF",
            "transform": Array [
              Object {
                "translateX": 0,
              },
            ],
          }
        }
      >
        <View
          onLayout={[Function]}
          pointerEvents="box-none"
          style={
            Object {
              "backgroundColor": "#FFF",
              "borderBottomColor": "#A7A7AA",
              "borderBottomWidth": 0.5,
              "height": 64,
              "paddingBottom": 0,
              "paddingLeft": 0,
              "paddingRight": 0,
              "paddingTop": 20,
            }
          }
        >
          <View
            style={
              Object {
                "flex": 1,
              }
            }
          >
            <View
              style={
                Object {
                  "bottom": 0,
                  "flexDirection": "row",
                  "left": 0,
                  "position": "absolute",
                  "right": 0,
                  "top": 0,
                }
              }
            >
              <View
                pointerEvents="box-none"
                style={
                  Object {
                    "alignItems": "center",
                    "backgroundColor": "transparent",
                    "bottom": 0,
                    "flexDirection": "row",
                    "justifyContent": "center",
                    "left": 0,
                    "opacity": 1,
                    "position": "absolute",
                    "right": 0,
                    "top": 0,
                  }
                }
              >
                <Text
                  accessibilityTraits="header"
                  accessible={false}
                  allowFontScaling={true}
                  numberOfLines={1}
                  onLayout={[Function]}
                  style={
                    Object {
                      "color": "rgba(0, 0, 0, .9)",
                      "fontSize": 17,
                      "fontWeight": "600",
                      "marginHorizontal": 16,
                      "textAlign": "center",
                    }
                  }
                >
                  Home
                </Text>
              </View>
            </View>
          </View>
        </View>
      </View>
    </View>
  </View>
</View>
`;
